INFO:     Started server process [55688]
INFO:     Waiting for application startup.
INFO:     Application startup complete.
INFO:     Uvicorn running on http://127.0.0.1:7801 (Press CTRL+C to quit)
DEBUG:    = connection is CONNECTING
DEBUG:    < GET /ws/puck HTTP/1.1
DEBUG:    < host: 127.0.0.1:7801
DEBUG:    < upgrade: websocket
DEBUG:    < connection: Upgrade
DEBUG:    < sec-websocket-key: oddZJIa23XxIsgmq+Uh/AA==
DEBUG:    < sec-websocket-version: 13
DEBUG:    < sec-websocket-extensions: permessage-deflate; client_max_window_bits
DEBUG:    < user-agent: Python/3.13 websockets/15.0.1
INFO:     127.0.0.1:50179 - "WebSocket /ws/puck" [accepted]
DEBUG:    > HTTP/1.1 101 Switching Protocols
DEBUG:    > Upgrade: websocket
DEBUG:    > Connection: Upgrade
DEBUG:    > Sec-WebSocket-Accept: icGNd3eGCC8pwA3/itkOz8JMmGI=
DEBUG:    > Sec-WebSocket-Extensions: permessage-deflate
DEBUG:    > date: Sat, 21 Mar 2026 08:00:32 GMT
DEBUG:    > server: uvicorn
INFO:     connection open
DEBUG:    = connection is OPEN
DEBUG:    < TEXT '{"type": "ping"}' [16 bytes]
DEBUG:    > TEXT '{"type":"pong"}' [15 bytes]
DEBUG:    < CLOSE 1000 (OK) [2 bytes]
DEBUG:    = connection is CLOSING
DEBUG:    > CLOSE 1000 (OK) [2 bytes]
DEBUG:    x half-closing TCP connection
DEBUG:    = connection is CLOSED
INFO:     connection closed
